// Jest Snapshot v1, https://goo.gl/fbAQLP

exports[`UserProfile.vue Should match the saved snapshot 1`] = `
<v-card-stub loaderheight="4" tag="div">
  <!---->
</v-card-stub>
`;
